// Vitest Snapshot v1, https://vitest.dev/guide/snapshot.html

exports[`Calculator Component > renders without crashing 1`] = `
<DocumentFragment>
  <div
    class="sc-bRKDuR cFEPzJ"
  >
    <label
      for="first"
    >
      Enter a number: 
    </label>
    <input
      class="sc-fhHczv kdBVaL"
      id="first"
      value="0"
    />
    <label
      for="second"
    >
      Enter another number: 
    </label>
    <input
      class="sc-fhHczv kdBVaL"
      id="second"
      value="0"
    />
    <button
      class="sc-hvigdm fZSzew"
    >
      +
    </button>
    <button
      class="sc-hvigdm fZSzew"
    >
      -
    </button>
    <button
      class="sc-hvigdm fZSzew"
    >
      *
    </button>
    <button
      class="sc-hvigdm fZSzew"
    >
      /
    </button>
    <p>
      Result: 0
    </p>
  </div>
</DocumentFragment>
`;
